I'm sorry, but errors were detected in your script. Please correct the
errors listed below, and try again.


File "game/stb3_page3.rpy", line 31: expected statement.
    pla
       ^

Ren'Py Version: Ren'Py 8.1.1.23060707
Fri Dec 29 15:43:35 2023
